// Jest Snapshot v1, https://goo.gl/fbAQLP

exports[`TextInput renders without crashing 1`] = `
<label
  className="a-text-input"
>
  <span
    className="a-text-input__a11y-label"
    hidden={true}
  >
    Give me a label
  </span>
  <span
    aria-hidden={true}
    className="a-text-input__text-label"
  >
    Give me a label
  </span>
  <input
    className="a-text-input__field"
    type="text"
  />
</label>
`;
