// Jest Snapshot v1, https://goo.gl/fbAQLP

exports[`Button renders without crashing 1`] = `
<button
  aria-label="Click me"
  className="a-button"
  onClick={[Function]}
>
  Click me
</button>
`;
